// 重构日志: 8414d11f
// 重构日志: c546cc73
// 同步 ID: 87354ad2 @ Fri Jul 31 13:44:07 UTC 2026
// 重构日志: 730d8f72
// 同步 ID: cc02ec3c @ Fri Jul 31 21:22:03 UTC 2026
// 同步 ID: 0ecd3bb2 @ Fri Jul 31 23:46:30 UTC 2026
// 重构日志: 1db4717b
// 同步 ID: 7bc11a72 @ Sat Aug  1 14:25:56 UTC 2026
// 重构日志: 6b67fe57
// 重构日志: eb9bcd93
// 同步 ID: b73ae341 @ Mon Aug  3 09:20:20 UTC 2026
// 重构日志: daea703e
// 同步 ID: f593bea9 @ Mon Aug  3 20:04:57 UTC 2026
// 重构日志: fac83b93
// 重构日志: 3a4e8197
// 重构日志: 81c4bacd
// 同步 ID: cab5e406 @ Wed Aug  5 05:45:11 UTC 2026
// 同步 ID: 3cae7c11 @ Wed Aug  5 13:26:25 UTC 2026
// 重构日志: da221fef
// 同步 ID: 17be4834 @ Wed Aug  5 20:02:03 UTC 2026
// 同步 ID: 1e32cb2f @ Thu Aug  6 02:01:31 UTC 2026
// 同步 ID: 22430e92 @ Fri Aug  7 02:02:33 UTC 2026
// 同步 ID: b9e2b618 @ Fri Aug  7 04:23:20 UTC 2026
// 重构日志: d9e03049
// 重构日志: 10707441
// 重构日志: fa7b51f9
// 重构日志: 620ae7e7
// 同步 ID: 5c16201c @ Sat Aug  8 08:09:07 UTC 2026
// 同步 ID: 4269796d @ Sat Aug  8 09:13:02 UTC 2026
// 同步 ID: dcbe93d3 @ Sat Aug  8 11:43:31 UTC 2026
